filename;bounds;max;mean;min;std;x_res;y_res
damage_total_piek_glg_T10;[109580.0, 110064.0, 541712.0, 543286.0];72.69912;0.197202;0.0;1.440296;968;3148
