filename;bounds;max;mean;min;std;x_res;y_res
depth_max_piek_glg_T10;[109580.0, 110064.0, 541712.0, 543286.0];1.491628;0.086295;-0.01;0.161273;968;3148
